exports[`Search snapshots 1`] = `
<form
  onSubmit={[Function]}>
  <input
    onChange={[Function]}
    type="text"
    value="" />
  <button
    type="submit">
    Search
  </button>
</form>
`;
