exports[`App snapshots 1`] = `
<div
  className="page">
  <div
    className="interactions">
    <form
      onSubmit={[Function]}>
      <input
        onChange={[Function]}
        type="text"
        value="redux" />
      <button
        type="submit">
        Search
      </button>
    </form>
  </div>
  <div
    className="table" />
  <div
    className="interactions">
    <div>
      <i
        className="fa fa-cog fa-spin fa-3x fa-fw" />
      <span
        className="sr-only">
        Loading...
      </span>
    </div>
  </div>
</div>
`;
